Archive member included to satisfy reference by file (symbol)

/opt/amiga/lib/gcc/m68k-amigaos/13.2.0/libm020/libgcc.a(_ashldi3.o)
                              flac/src/foxen-flac.o (__ashldi3)

Discarded input sections

 .debug_frame   0x0000000000000000       0x34 /opt/amiga/lib/gcc/m68k-amigaos/13.2.0/libm020/libgcc.a(_ashldi3.o)
 .debug_info    0x0000000000000000      0x1a0 /opt/amiga/lib/gcc/m68k-amigaos/13.2.0/libm020/libgcc.a(_ashldi3.o)
 .debug_abbrev  0x0000000000000000      0x10c /opt/amiga/lib/gcc/m68k-amigaos/13.2.0/libm020/libgcc.a(_ashldi3.o)
 .debug_loclists
                0x0000000000000000       0x4c /opt/amiga/lib/gcc/m68k-amigaos/13.2.0/libm020/libgcc.a(_ashldi3.o)
 .debug_aranges
                0x0000000000000000       0x20 /opt/amiga/lib/gcc/m68k-amigaos/13.2.0/libm020/libgcc.a(_ashldi3.o)
 .debug_line    0x0000000000000000      0x158 /opt/amiga/lib/gcc/m68k-amigaos/13.2.0/libm020/libgcc.a(_ashldi3.o)
 .debug_str     0x0000000000000000      0x19c /opt/amiga/lib/gcc/m68k-amigaos/13.2.0/libm020/libgcc.a(_ashldi3.o)
 .debug_line_str
                0x0000000000000000       0xd0 /opt/amiga/lib/gcc/m68k-amigaos/13.2.0/libm020/libgcc.a(_ashldi3.o)

Memory Configuration

Name             Origin             Length             Attributes
*default*        0x0000000000000000 0xffffffffffffffff

Linker script and memory map

LOAD flac_entry.o
LOAD flac_alloc.o
LOAD flac_module.o
LOAD flac/src/foxen-flac.o
START GROUP
LOAD /opt/amiga/lib/gcc/m68k-amigaos/13.2.0/../../../../m68k-amigaos/lib/libm020/libc.a
LOAD /opt/amiga/lib/gcc/m68k-amigaos/13.2.0/../../../../m68k-amigaos/lib/libstubs.a
LOAD /opt/amiga/lib/gcc/m68k-amigaos/13.2.0/../../../../m68k-amigaos/lib/libamiga.a
LOAD /opt/amiga/lib/gcc/m68k-amigaos/13.2.0/libm020/libgcc.a
END GROUP
                [!provide]                        PROVIDE (___machtype = 0x0)
                0x0000000000000000                . = 0x0

.text           0x0000000000000000     0x59f4
                0x0000000000000000                __stext = .
 *(.text)
 .text          0x0000000000000000       0x14 flac_entry.o
                0x0000000000000000                DecoderModuleEntry
 .text          0x0000000000000014      0x354 flac_alloc.o
                0x0000000000000014                FlacModuleSetExecBase
                0x000000000000001e                FlacModuleMalloc
                0x000000000000005c                FlacModuleCalloc
                0x00000000000000b6                FlacModuleRealloc
                0x00000000000001ac                FlacModuleFree
                0x00000000000001d2                FlacModuleExit
                0x00000000000001d4                malloc
                0x0000000000000212                calloc
                0x000000000000026c                realloc
                0x0000000000000270                free
                0x0000000000000296                _malloc_r
                0x00000000000002d4                _calloc_r
                0x000000000000032e                _realloc_r
                0x0000000000000340                _free_r
                0x0000000000000366                exit
 .text          0x0000000000000368      0x52c flac_module.o
 .text          0x0000000000000894     0x511c flac/src/foxen-flac.o
                0x0000000000000906                fx_flac_size
                0x0000000000000952                fx_flac_reset
                0x0000000000000a36                fx_flac_init
                0x0000000000000b02                fx_flac_get_state
                0x0000000000000b14                fx_flac_get_streaminfo
                0x0000000000000c0e                fx_flac_process
 .text          0x00000000000059b0       0x44 /opt/amiga/lib/gcc/m68k-amigaos/13.2.0/libm020/libgcc.a(_ashldi3.o)
                0x00000000000059b0                __ashldi3
 *(.text.main)
 *(.text*)
 *(_*)
 *(.rodata*)
 *(.data.rel.ro*)
 *(.gnu.linkonce.t.*)
 *(.gnu.linkonce.r.*)
 *(.gcc_except_table*)
 *(SORT_BY_NAME(.list___EH_FRAME*))
 *(SORT_BY_NAME(.list_*))
 *(.end_of_lists)
                0x00000000000059f4                ___datadata_relocs = .
                0x00000000000059f4                __etext = .
                0x00000000000059f4                ___text_size = SIZEOF (.text)
                0x00000000000059f4                . = ALIGN (0x0)

.data           0x00000000000059f4       0x2c
                0x00000000000059f4                __sdata = .
 *(.data)
 .data          0x00000000000059f4       0x2c flac_module.o
                0x00000000000059f4                gFlacOps
 *(SORT_BY_NAME(.data.*))
 *(SORT_BY_NAME(.dlist___EH_FRAME_OBJECT*))
 *(SORT_BY_NAME(.dlist_*))
 *(.end_of_dlists)
 *(.data.__EH_FRAME_OBJECT__*)
 *(.gnu.linkonce.d.*)
                0x0000000000005a20                __edata = .
                0x000000000000002c                ___data_size = SIZEOF (.data)

.bss            0x0000000000005a20        0x4
                0x0000000000005a20                __bss_start = .
 *(.bss)
 .bss           0x0000000000005a20        0x4 flac_alloc.o
 *(.bss.*)
 *(COMMON)
                0x0000000000005a24                __end = .
                0x0000000000000004                ___bss_size = SIZEOF (.bss)

.datachip
 *(.datachip)

.bsschip
 *(.bsschip)

.dwarf          0x0000000000005a24        0x0
                0x0000000000005a24                __debug_frame_start = .
 *(.debug_frame)
                0x0000000000005a24                __debug_info_start = .
 *(.debug_info)
                0x0000000000005a24                __debug_abbrev_start = .
 *(.debug_abbrev)
                0x0000000000005a24                __debug_loclists_start = .
 *(.debug_loclists)
                0x0000000000005a24                __debug_aranges_start = .
 *(.debug_aranges)
                0x0000000000005a24                __debug_rgnlists_start = .
 *(.debug_rnglists)
                0x0000000000005a24                __debug_line_start = .
 *(.debug_line)
                0x0000000000005a24                __debug_str_start = .
 *(.debug_str)
                0x0000000000005a24                __debug_line_str_start = .
 *(.debug_line_str)
OUTPUT(flac.decoder amiga)
